// Jest Snapshot v1, https://goo.gl/fbAQLP

exports[`<Product /> should mach snapshot 1`] = `
.c0 {
  height: 378px;
  -webkit-text-decoration: none;
  text-decoration: none;
}

.c2 {
  max-width: 100%;
  max-height: 100%;
}

.c1 {
  border-radius: 35px;
  background-color: #dadad8;
  height: 369px;
  text-align: center;
}

.c3 {
  max-width: 100%;
  margin-top: 17px;
  display: -webkit-box;
  display: -webkit-flex;
  display: -ms-flexbox;
  display: flex;
  -webkit-box-pack: justify;
  -webkit-justify-content: space-between;
  -ms-flex-pack: justify;
  justify-content: space-between;
}

.c6 {
  -webkit-text-decoration: none;
  text-decoration: none;
  color: #212121;
  font-size: 0.875rem;
  font-weight: 400;
  margin-left: 10px;
}

.c4 {
  color: #10a958;
  font-weight: 400;
  margin-bottom: 4px;
  font-size: 1.25rem;
}

.c5 {
  font-weight: 700;
  -webkit-text-decoration: none;
  text-decoration: none;
  color: #212121;
  font-size: 1rem;
}

<div>
  <a
    class="c0"
    href="/"
  >
    <div
      class="c1"
    >
      <img
        alt="Camisa com logo"
        class="c2"
        src="./assets/pexels-abir-hasan-1857375-removebg-preview.png"
      />
    </div>
    <div
      class="c3"
    >
      <div
        class=""
      >
        <span
          class="c4"
        >
          New!
        </span>
        <div>
          <span
            class="c5"
          >
            Camisa com logo
          </span>
        </div>
      </div>
      <span
        class="c6"
      >
        $
        40
      </span>
    </div>
  </a>
</div>
`;
