// Jest Snapshot v1, https://goo.gl/fbAQLP

exports[`<TextComponent /> should mach snapshot 1`] = `
.c0 {
  color: #212121;
  font-style: italic;
}

<div>
  <div
    class="c0"
  >
    texto
  </div>
</div>
`;
