// Jest Snapshot v1, https://goo.gl/fbAQLP

exports[`<SectionContainer /> should mach snapshot 1`] = `
.c0 {
  max-width: 85.375rem;
  margin: 0 auto;
  padding: 0 4rem;
}

<div>
  <div
    class="c0"
  >
    <h1>
      children
    </h1>
  </div>
</div>
`;
