// Jest Snapshot v1, https://goo.gl/fbAQLP

exports[`<Heading /> should mach snapshot 1`] = `
.c0 {
  color: #212121;
  font-family: 'Oswald',sans-serif;
  font-size: 3rem;
}

@media (max-width:767px) {
  .c0 {
    font-size: 1.5rem;
  }
}

<div>
  <h2
    class="c0"
  >
    texto
  </h2>
</div>
`;
