// Jest Snapshot v1, https://goo.gl/fbAQLP

exports[`<SearchButton /> should mach snapshot 1`] = `
.c0 {
  border: none;
  background-color: #fff;
  -webkit-transition: .4s ease;
  transition: .4s ease;
}

.c0:hover {
  opacity: 0.6;
}

<div>
  <button
    class="c0"
  >
    <svg
      height="24"
      style="fill: rgba(0, 0, 0, 1);"
      viewBox="0 0 24 24"
      width="24"
      xmlns="http://www.w3.org/2000/svg"
    >
      <path
        d="M10 18a7.952 7.952 0 0 0 4.897-1.688l4.396 4.396 1.414-1.414-4.396-4.396A7.952 7.952 0 0 0 18 10c0-4.411-3.589-8-8-8s-8 3.589-8 8 3.589 8 8 8zm0-14c3.309 0 6 2.691 6 6s-2.691 6-6 6-6-2.691-6-6 2.691-6 6-6z"
      />
    </svg>
  </button>
</div>
`;
